ex2_while\Alfabeto.class
ex2_switchcase\Operacao.class
Heranca\CarroDTO.class
EncapsulamentoEx6\TrianguloDTO.class
EncapsulamentoEx4\MediaView.class
ex4_for\Calculo_altura.class
EncapsulamentoEx2\FuncionarioDAO.class
ex1_switchcase\Operacao.class
ex1_dowhile\Main.class
Heranca\VeiculoDAO.class
EncapsulamentoEx5\SoloDTO.class
ex2_for\Intervalo.class
ex2_if\Altura_peso_classificacao.class
ex3_while\Main.class
ex1_trycatchfinally\Main.class
EncapsulamentoEx3\MotoristaCTR.class
ex6_for\Maior_e_menor_numero.class
ex4_for\Main.class
ex1_if\Solo.class
EncapsulamentoEx5\SoloCTR.class
ex3_while\Exemplo.class
EncapsulamentoEx1\ClienteCTR.class
EncapsulamentoEx6\TrianguloView.class
ex2_while\Main.class
ex5_for\Main.class
EncapsulamentoEx6\TrianguloDAO.class
Heranca\VeiculoDTO.class
ex3_for\Soma.class
ex1_while\Exemplowhile.class
EncapsulamentoEx1\ClienteDAO.class
EncapsulamentoEx6\TrianguloCTR.class
EncapsulamentoEx2\FuncionarioCTR.class
EncapsulamentoEx4\MediaDTO.class
EncapsulamentoEx7\QuatroDTO.class
ex1_if\Aula_dia23do09_ex1.class
ex1_switchcase\Main.class
EncapsulamentoEx3\MotoristaView.class
ex1_for\Operacao.class
Heranca\MotoDTO.class
ex6_for\Main.class
ex3_for\Main.class
EncapsulamentoEx4\MediaCTR.class
EncapsulamentoEx5\SoloDAO.class
Heranca\MotoCTR.class
EncapsulamentoEx1\ClienteDTO.class
ex2_switchcase\Main.class
EncapsulamentoEx3\MotoristaDAO.class
EncapsulamentoEx2\FuncionarioView.class
ex1_trycatchfinally\Tabuada.class
Heranca\CarroCTR.class
ex1_dowhile\PesquisaAudiencia.class
Heranca\CarroDAO.class
EncapsulamentoEx5\SoloView.class
ex1_for\Main.class
EncapsulamentoEx2\FuncionarioDTO.class
EncapsulamentoEx3\MotoristaDTO.class
EncapsulamentoEx7\QuatroCTR.class
EncapsulamentoEx7\QuatroView.class
ex2_if\ex2.class
EncapsulamentoEx1\ClienteView.class
ex2_for\Main.class
ex5_for\Salario.class
EncapsulamentoEx4\MediaDAO.class
Heranca\MotoDAO.class
ex1_while\Main.class
EncapsulamentoEx7\QuatroDAO.class
Heranca\VeiculoView.class
